Component: Arm Compiler for Embedded 6.22 Tool: armlink [5ee90200]

==============================================================================

Section Cross References

    main.o(.text.main) refers to systick_delay.o(.text.SysTick_Delay_Init) for SysTick_Delay_Init
    main.o(.text.main) refers to uart0.o(.text.UART0_Init) for UART0_Init
    main.o(.text.main) refers to main.o(.rodata.str1.1) for .L.str
    main.o(.text.main) refers to uart0.o(.text.UART0_Output_String) for UART0_Output_String
    main.o(.text.main) refers to uart0.o(.text.UART0_Output_Newline) for UART0_Output_Newline
    main.o(.text.main) refers to uart0.o(.text.UART0_Char_Available) for UART0_Char_Available
    main.o(.text.main) refers to uart0.o(.text.UART0_Input_Character) for UART0_Input_Character
    main.o(.text.main) refers to game_logic.o(.text.Game_Init) for Game_Init
    main.o(.text.main) refers to game_logic.o(.data.current_direction) for current_direction
    main.o(.text.main) refers to game_logic.o(.text.Snake_Move) for Snake_Move
    main.o(.text.main) refers to game_logic.o(.bss.snake) for snake
    main.o(.text.main) refers to game_logic.o(.bss.food) for food
    main.o(.text.main) refers to game_logic.o(.text.Snake_Grow) for Snake_Grow
    main.o(.text.main) refers to game_logic.o(.text.Food_Init) for Food_Init
    main.o(.text.main) refers to game_logic.o(.bss.game_score) for game_score
    main.o(.text.main) refers to game_logic.o(.text.Check_Collision) for Check_Collision
    main.o(.text.main) refers to uart0.o(.text.UART0_Output_Unsigned_Decimal) for UART0_Output_Unsigned_Decimal
    main.o(.text.main) refers to game_display.o(.text.Draw_Game) for Draw_Game
    main.o(.text.main) refers to systick_delay.o(.text.SysTick_Delay1ms) for SysTick_Delay1ms
    main.o(.text.main) refers to game_replay.o(.text.Play_Again) for Play_Again
    main.o(.ARM.exidx.text.main) refers to main.o(.text.main) for [Anonymous Symbol]
    gpio.o(.ARM.exidx.text.RGB_LED_Init) refers to gpio.o(.text.RGB_LED_Init) for [Anonymous Symbol]
    gpio.o(.ARM.exidx.text.RGB_LED_Output) refers to gpio.o(.text.RGB_LED_Output) for [Anonymous Symbol]
    gpio.o(.ARM.exidx.text.RGB_LED_Status) refers to gpio.o(.text.RGB_LED_Status) for [Anonymous Symbol]
    gpio.o(.ARM.exidx.text.EduBase_LEDs_Init) refers to gpio.o(.text.EduBase_LEDs_Init) for [Anonymous Symbol]
    gpio.o(.ARM.exidx.text.EduBase_LEDs_Output) refers to gpio.o(.text.EduBase_LEDs_Output) for [Anonymous Symbol]
    gpio.o(.ARM.exidx.text.EduBase_Button_Init) refers to gpio.o(.text.EduBase_Button_Init) for [Anonymous Symbol]
    gpio.o(.ARM.exidx.text.Get_EduBase_Button_Status) refers to gpio.o(.text.Get_EduBase_Button_Status) for [Anonymous Symbol]
    systick_delay.o(.ARM.exidx.text.SysTick_Delay_Init) refers to systick_delay.o(.text.SysTick_Delay_Init) for [Anonymous Symbol]
    systick_delay.o(.text.SysTick_Delay1us) refers to systick_delay.o(.bss.us_elapsed) for us_elapsed
    systick_delay.o(.ARM.exidx.text.SysTick_Delay1us) refers to systick_delay.o(.text.SysTick_Delay1us) for [Anonymous Symbol]
    systick_delay.o(.text.SysTick_Delay1ms) refers to systick_delay.o(.bss.us_elapsed) for us_elapsed
    systick_delay.o(.text.SysTick_Delay1ms) refers to systick_delay.o(.bss.ms_elapsed) for ms_elapsed
    systick_delay.o(.text.SysTick_Delay1ms) refers to systick_delay.o(.bss.ms_active) for ms_active
    systick_delay.o(.ARM.exidx.text.SysTick_Delay1ms) refers to systick_delay.o(.text.SysTick_Delay1ms) for [Anonymous Symbol]
    systick_delay.o(.text.SysTick_Handler) refers to systick_delay.o(.bss.us_elapsed) for us_elapsed
    systick_delay.o(.text.SysTick_Handler) refers to systick_delay.o(.bss.ms_active) for ms_active
    systick_delay.o(.text.SysTick_Handler) refers to systick_delay.o(.bss.ms_elapsed) for ms_elapsed
    systick_delay.o(.ARM.exidx.text.SysTick_Handler) refers to systick_delay.o(.text.SysTick_Handler) for [Anonymous Symbol]
    uart0.o(.ARM.exidx.text.UART0_Init) refers to uart0.o(.text.UART0_Init) for [Anonymous Symbol]
    uart0.o(.ARM.exidx.text.UART0_Input_Character) refers to uart0.o(.text.UART0_Input_Character) for [Anonymous Symbol]
    uart0.o(.ARM.exidx.text.UART0_Output_Character) refers to uart0.o(.text.UART0_Output_Character) for [Anonymous Symbol]
    uart0.o(.text.UART0_Input_String) refers to uart0.o(.text.UART0_Input_Character) for UART0_Input_Character
    uart0.o(.text.UART0_Input_String) refers to uart0.o(.text.UART0_Output_Character) for UART0_Output_Character
    uart0.o(.ARM.exidx.text.UART0_Input_String) refers to uart0.o(.text.UART0_Input_String) for [Anonymous Symbol]
    uart0.o(.text.UART0_Output_String) refers to uart0.o(.text.UART0_Output_Character) for UART0_Output_Character
    uart0.o(.ARM.exidx.text.UART0_Output_String) refers to uart0.o(.text.UART0_Output_String) for [Anonymous Symbol]
    uart0.o(.text.UART0_Input_Unsigned_Decimal) refers to uart0.o(.text.UART0_Input_Character) for UART0_Input_Character
    uart0.o(.text.UART0_Input_Unsigned_Decimal) refers to uart0.o(.text.UART0_Output_Character) for UART0_Output_Character
    uart0.o(.ARM.exidx.text.UART0_Input_Unsigned_Decimal) refers to uart0.o(.text.UART0_Input_Unsigned_Decimal) for [Anonymous Symbol]
    uart0.o(.text.UART0_Output_Unsigned_Decimal) refers to uart0.o(.text.UART0_Output_Character) for UART0_Output_Character
    uart0.o(.ARM.exidx.text.UART0_Output_Unsigned_Decimal) refers to uart0.o(.text.UART0_Output_Unsigned_Decimal) for [Anonymous Symbol]
    uart0.o(.text.UART0_Input_Unsigned_Hexadecimal) refers to uart0.o(.text.UART0_Input_Character) for UART0_Input_Character
    uart0.o(.text.UART0_Input_Unsigned_Hexadecimal) refers to uart0.o(.text.UART0_Output_Character) for UART0_Output_Character
    uart0.o(.ARM.exidx.text.UART0_Input_Unsigned_Hexadecimal) refers to uart0.o(.text.UART0_Input_Unsigned_Hexadecimal) for [Anonymous Symbol]
    uart0.o(.text.UART0_Output_Unsigned_Hexadecimal) refers to uart0.o(.text.UART0_Output_Character) for UART0_Output_Character
    uart0.o(.ARM.exidx.text.UART0_Output_Unsigned_Hexadecimal) refers to uart0.o(.text.UART0_Output_Unsigned_Hexadecimal) for [Anonymous Symbol]
    uart0.o(.text.UART0_Output_Newline) refers to uart0.o(.text.UART0_Output_Character) for UART0_Output_Character
    uart0.o(.ARM.exidx.text.UART0_Output_Newline) refers to uart0.o(.text.UART0_Output_Newline) for [Anonymous Symbol]
    uart0.o(.ARM.exidx.text.UART0_Char_Available) refers to uart0.o(.text.UART0_Char_Available) for [Anonymous Symbol]
    game_display.o(.text.Draw_Game) refers to uart0.o(.text.UART0_Output_Newline) for UART0_Output_Newline
    game_display.o(.text.Draw_Game) refers to game_logic.o(.data.snake_length) for snake_length
    game_display.o(.text.Draw_Game) refers to game_logic.o(.bss.snake) for snake
    game_display.o(.text.Draw_Game) refers to uart0.o(.text.UART0_Output_Character) for UART0_Output_Character
    game_display.o(.text.Draw_Game) refers to game_logic.o(.bss.food) for food
    game_display.o(.ARM.exidx.text.Draw_Game) refers to game_display.o(.text.Draw_Game) for [Anonymous Symbol]
    game_logic.o(.text.Food_Init) refers to rand.o(.emb_text) for rand
    game_logic.o(.text.Food_Init) refers to game_logic.o(.bss.food) for food
    game_logic.o(.ARM.exidx.text.Food_Init) refers to game_logic.o(.text.Food_Init) for [Anonymous Symbol]
    game_logic.o(.text.Game_Init) refers to game_logic.o(.bss.snake) for snake
    game_logic.o(.text.Game_Init) refers to game_logic.o(.data.snake_length) for snake_length
    game_logic.o(.text.Game_Init) refers to game_logic.o(.data.current_direction) for current_direction
    game_logic.o(.text.Game_Init) refers to game_logic.o(.text.Food_Init) for Food_Init
    game_logic.o(.text.Game_Init) refers to game_logic.o(.bss.game_score) for game_score
    game_logic.o(.ARM.exidx.text.Game_Init) refers to game_logic.o(.text.Game_Init) for [Anonymous Symbol]
    game_logic.o(.text.Snake_Move) refers to game_logic.o(.data.snake_length) for snake_length
    game_logic.o(.text.Snake_Move) refers to game_logic.o(.bss.snake) for snake
    game_logic.o(.text.Snake_Move) refers to game_logic.o(.data.current_direction) for current_direction
    game_logic.o(.ARM.exidx.text.Snake_Move) refers to game_logic.o(.text.Snake_Move) for [Anonymous Symbol]
    game_logic.o(.text.Snake_Grow) refers to game_logic.o(.data.snake_length) for snake_length
    game_logic.o(.text.Snake_Grow) refers to game_logic.o(.bss.snake) for snake
    game_logic.o(.text.Snake_Grow) refers to game_logic.o(.bss.game_score) for game_score
    game_logic.o(.ARM.exidx.text.Snake_Grow) refers to game_logic.o(.text.Snake_Grow) for [Anonymous Symbol]
    game_logic.o(.text.Check_Collision) refers to game_logic.o(.bss.snake) for snake
    game_logic.o(.text.Check_Collision) refers to game_logic.o(.data.snake_length) for snake_length
    game_logic.o(.ARM.exidx.text.Check_Collision) refers to game_logic.o(.text.Check_Collision) for [Anonymous Symbol]
    game_replay.o(.text.Play_Again) refers to uart0.o(.text.UART0_Output_Newline) for UART0_Output_Newline
    game_replay.o(.text.Play_Again) refers to game_replay.o(.rodata.str1.1) for .L.str
    game_replay.o(.text.Play_Again) refers to uart0.o(.text.UART0_Output_String) for UART0_Output_String
    game_replay.o(.text.Play_Again) refers to uart0.o(.text.UART0_Char_Available) for UART0_Char_Available
    game_replay.o(.text.Play_Again) refers to uart0.o(.text.UART0_Input_Character) for UART0_Input_Character
    game_replay.o(.text.Play_Again) refers to uart0.o(.text.UART0_Output_Character) for UART0_Output_Character
    game_replay.o(.ARM.exidx.text.Play_Again) refers to game_replay.o(.text.Play_Again) for [Anonymous Symbol]
    startup_tm4c123.o(STACK) refers (Special) to heapauxi.o(.text) for __use_two_region_memory
    startup_tm4c123.o(HEAP) refers (Special) to heapauxi.o(.text) for __use_two_region_memory
    startup_tm4c123.o(RESET) refers (Special) to heapauxi.o(.text) for __use_two_region_memory
    startup_tm4c123.o(RESET) refers to startup_tm4c123.o(STACK) for __initial_sp
    startup_tm4c123.o(RESET) refers to startup_tm4c123.o(.text) for Reset_Handler
    startup_tm4c123.o(RESET) refers to systick_delay.o(.text.SysTick_Handler) for SysTick_Handler
    startup_tm4c123.o(.text) refers (Special) to heapauxi.o(.text) for __use_two_region_memory
    startup_tm4c123.o(.text) refers to system_tm4c123.o(.text.SystemInit) for SystemInit
    startup_tm4c123.o(.text) refers to __main.o(!!!main) for __main
    startup_tm4c123.o(.text) refers to startup_tm4c123.o(HEAP) for Heap_Mem
    startup_tm4c123.o(.text) refers to startup_tm4c123.o(STACK) for Stack_Mem
    system_tm4c123.o(.text.SystemCoreClockUpdate) refers to system_tm4c123.o(.text.getOscClk) for getOscClk
    system_tm4c123.o(.text.SystemCoreClockUpdate) refers to system_tm4c123.o(.data.SystemCoreClock) for SystemCoreClock
    system_tm4c123.o(.ARM.exidx.text.SystemCoreClockUpdate) refers to system_tm4c123.o(.text.SystemCoreClockUpdate) for [Anonymous Symbol]
    system_tm4c123.o(.ARM.exidx.text.getOscClk) refers to system_tm4c123.o(.text.getOscClk) for [Anonymous Symbol]
    system_tm4c123.o(.ARM.exidx.text.SystemInit) refers to system_tm4c123.o(.text.SystemInit) for [Anonymous Symbol]
    rand.o(.emb_text) refers (Special) to libinit2.o(.ARM.Collect$$libinit$$0000000F) for __rt_lib_init_rand_2
    rand.o(.emb_text) refers to rand.o(.text) for _rand_init
    rand.o(.emb_text) refers to rand.o(.bss) for _random_number_data
    rand.o(.text) refers (Special) to libinit2.o(.ARM.Collect$$libinit$$0000000F) for __rt_lib_init_rand_2
    rand.o(.text) refers to rand.o(.bss) for .bss
    rand.o(.bss) refers (Special) to libinit2.o(.ARM.Collect$$libinit$$0000000F) for __rt_lib_init_rand_2
    __main.o(!!!main) refers to __rtentry.o(.ARM.Collect$$rtentry$$00000000) for __rt_entry
    __rtentry.o(.ARM.Collect$$rtentry$$00000000) refers (Special) to __rtentry2.o(.ARM.Collect$$rtentry$$0000000A) for __rt_entry_li
    __rtentry.o(.ARM.Collect$$rtentry$$00000000) refers (Special) to __rtentry2.o(.ARM.Collect$$rtentry$$0000000D) for __rt_entry_main
    __rtentry.o(.ARM.Collect$$rtentry$$00000000) refers (Special) to __rtentry2.o(.ARM.Collect$$rtentry$$0000000C) for __rt_entry_postli_1
    __rtentry.o(.ARM.Collect$$rtentry$$00000000) refers (Special) to __rtentry2.o(.ARM.Collect$$rtentry$$00000009) for __rt_entry_postsh_1
    __rtentry.o(.ARM.Collect$$rtentry$$00000000) refers (Special) to __rtentry2.o(.ARM.Collect$$rtentry$$00000002) for __rt_entry_presh_1
    __rtentry.o(.ARM.Collect$$rtentry$$00000000) refers (Special) to __rtentry4.o(.ARM.Collect$$rtentry$$00000004) for __rt_entry_sh
    libinit2.o(.ARM.Collect$$libinit$$00000001) refers to fpinit.o(x$fpl$fpinit) for _fp_init
    libinit2.o(.ARM.Collect$$libinit$$0000000F) refers (Weak) to rand.o(.text) for _rand_init
    libinit2.o(.ARM.Collect$$libinit$$00000012) refers to libinit2.o(.ARM.Collect$$libinit$$00000011) for .ARM.Collect$$libinit$$00000011
    libinit2.o(.ARM.Collect$$libinit$$00000014) refers to libinit2.o(.ARM.Collect$$libinit$$00000011) for .ARM.Collect$$libinit$$00000011
    libinit2.o(.ARM.Collect$$libinit$$00000016) refers to libinit2.o(.ARM.Collect$$libinit$$00000011) for .ARM.Collect$$libinit$$00000011
    libinit2.o(.ARM.Collect$$libinit$$00000018) refers to libinit2.o(.ARM.Collect$$libinit$$00000011) for .ARM.Collect$$libinit$$00000011
    libinit2.o(.ARM.Collect$$libinit$$0000001A) refers to libinit2.o(.ARM.Collect$$libinit$$00000011) for .ARM.Collect$$libinit$$00000011
    libinit2.o(.ARM.Collect$$libinit$$00000028) refers to argv_veneer.o(.emb_text) for __ARM_argv_veneer
    libinit2.o(.ARM.Collect$$libinit$$00000029) refers to argv_veneer.o(.emb_text) for __ARM_argv_veneer
    __rtentry2.o(.ARM.Collect$$rtentry$$00000008) refers to boardinit2.o(.text) for _platform_post_stackheap_init
    __rtentry2.o(.ARM.Collect$$rtentry$$0000000A) refers to libinit.o(.ARM.Collect$$libinit$$00000000) for __rt_lib_init
    __rtentry2.o(.ARM.Collect$$rtentry$$0000000B) refers to boardinit3.o(.text) for _platform_post_lib_init
    __rtentry2.o(.ARM.Collect$$rtentry$$0000000D) refers to main.o(.text.main) for main
    __rtentry2.o(.ARM.Collect$$rtentry$$0000000D) refers to exit.o(.text) for exit
    __rtentry2.o(.ARM.exidx) refers to __rtentry2.o(.ARM.Collect$$rtentry$$00000001) for .ARM.Collect$$rtentry$$00000001
    __rtentry2.o(.ARM.exidx) refers to __rtentry2.o(.ARM.Collect$$rtentry$$00000008) for .ARM.Collect$$rtentry$$00000008
    __rtentry2.o(.ARM.exidx) refers to __rtentry2.o(.ARM.Collect$$rtentry$$0000000A) for .ARM.Collect$$rtentry$$0000000A
    __rtentry2.o(.ARM.exidx) refers to __rtentry2.o(.ARM.Collect$$rtentry$$0000000B) for .ARM.Collect$$rtentry$$0000000B
    __rtentry2.o(.ARM.exidx) refers to __rtentry2.o(.ARM.Collect$$rtentry$$0000000D) for .ARM.Collect$$rtentry$$0000000D
    __rtentry4.o(.ARM.Collect$$rtentry$$00000004) refers to sys_stackheap_outer.o(.text) for __user_setup_stackheap
    __rtentry4.o(.ARM.exidx) refers to __rtentry4.o(.ARM.Collect$$rtentry$$00000004) for .ARM.Collect$$rtentry$$00000004
    argv_veneer.o(.emb_text) refers to no_argv.o(.text) for __ARM_get_argv
    sys_stackheap_outer.o(.text) refers to libspace.o(.text) for __user_perproc_libspace
    sys_stackheap_outer.o(.text) refers to startup_tm4c123.o(.text) for __user_initial_stackheap
    exit.o(.text) refers to rtexit.o(.ARM.Collect$$rtexit$$00000000) for __rt_exit
    _get_argv_nomalloc.o(.text) refers (Special) to hrguard.o(.text) for __heap_region$guard
    _get_argv_nomalloc.o(.text) refers to defsig_rtmem_outer.o(.text) for __rt_SIGRTMEM
    _get_argv_nomalloc.o(.text) refers to sys_command.o(.text) for _sys_command_string
    libinit.o(.ARM.Collect$$libinit$$00000000) refers (Special) to libinit2.o(.ARM.Collect$$libinit$$00000030) for __rt_lib_init_alloca_1
    libinit.o(.ARM.Collect$$libinit$$00000000) refers (Special) to libinit2.o(.ARM.Collect$$libinit$$0000002E) for __rt_lib_init_argv_1
    libinit.o(.ARM.Collect$$libinit$$00000000) refers (Special) to libinit2.o(.ARM.Collect$$libinit$$0000001D) for __rt_lib_init_atexit_1
    libinit.o(.ARM.Collect$$libinit$$00000000) refers (Special) to libinit2.o(.ARM.Collect$$libinit$$00000023) for __rt_lib_init_clock_1
    libinit.o(.ARM.Collect$$libinit$$00000000) refers (Special) to libinit2.o(.ARM.Collect$$libinit$$00000034) for __rt_lib_init_cpp_1
    libinit.o(.ARM.Collect$$libinit$$00000000) refers (Special) to libinit2.o(.ARM.Collect$$libinit$$00000032) for __rt_lib_init_exceptions_1
    libinit.o(.ARM.Collect$$libinit$$00000000) refers (Special) to libinit2.o(.ARM.Collect$$libinit$$00000001) for __rt_lib_init_fp_1
    libinit.o(.ARM.Collect$$libinit$$00000000) refers (Special) to libinit2.o(.ARM.Collect$$libinit$$00000021) for __rt_lib_init_fp_trap_1
    libinit.o(.ARM.Collect$$libinit$$00000000) refers (Special) to libinit2.o(.ARM.Collect$$libinit$$00000025) for __rt_lib_init_getenv_1
    libinit.o(.ARM.Collect$$libinit$$00000000) refers (Special) to libinit2.o(.ARM.Collect$$libinit$$0000000C) for __rt_lib_init_heap_1
    libinit.o(.ARM.Collect$$libinit$$00000000) refers (Special) to libinit2.o(.ARM.Collect$$libinit$$00000013) for __rt_lib_init_lc_collate_1
    libinit.o(.ARM.Collect$$libinit$$00000000) refers (Special) to libinit2.o(.ARM.Collect$$libinit$$00000015) for __rt_lib_init_lc_ctype_1
    libinit.o(.ARM.Collect$$libinit$$00000000) refers (Special) to libinit2.o(.ARM.Collect$$libinit$$00000017) for __rt_lib_init_lc_monetary_1
    libinit.o(.ARM.Collect$$libinit$$00000000) refers (Special) to libinit2.o(.ARM.Collect$$libinit$$00000019) for __rt_lib_init_lc_numeric_1
    libinit.o(.ARM.Collect$$libinit$$00000000) refers (Special) to libinit2.o(.ARM.Collect$$libinit$$0000001B) for __rt_lib_init_lc_time_1
    libinit.o(.ARM.Collect$$libinit$$00000000) refers (Special) to libinit2.o(.ARM.Collect$$libinit$$00000006) for __rt_lib_init_preinit_1
    libinit.o(.ARM.Collect$$libinit$$00000000) refers (Special) to libinit2.o(.ARM.Collect$$libinit$$00000010) for __rt_lib_init_rand_1
    libinit.o(.ARM.Collect$$libinit$$00000000) refers (Special) to libinit2.o(.ARM.Collect$$libinit$$00000004) for __rt_lib_init_relocate_pie_1
    libinit.o(.ARM.Collect$$libinit$$00000000) refers (Special) to libinit2.o(.ARM.Collect$$libinit$$00000035) for __rt_lib_init_return
    libinit.o(.ARM.Collect$$libinit$$00000000) refers (Special) to libinit2.o(.ARM.Collect$$libinit$$0000001F) for __rt_lib_init_signal_1
    libinit.o(.ARM.Collect$$libinit$$00000000) refers (Special) to libinit2.o(.ARM.Collect$$libinit$$00000027) for __rt_lib_init_stdio_1
    libinit.o(.ARM.Collect$$libinit$$00000000) refers (Special) to libinit2.o(.ARM.Collect$$libinit$$0000000E) for __rt_lib_init_user_alloc_1
    sys_command.o(.text) refers (Special) to use_no_semi.o(.text) for __I$use$semihosting
    sys_command.o(.text) refers (Special) to indicate_semi.o(.text) for __semihosting_library_function
    sys_command_hlt.o(.text) refers (Special) to use_no_semi.o(.text) for __I$use$semihosting
    sys_command_hlt.o(.text) refers (Special) to indicate_semi.o(.text) for __semihosting_library_function
    libspace.o(.text) refers to libspace.o(.bss) for __libspace_start
    rtexit.o(.ARM.Collect$$rtexit$$00000000) refers (Special) to rtexit2.o(.ARM.Collect$$rtexit$$00000004) for __rt_exit_exit
    rtexit.o(.ARM.Collect$$rtexit$$00000000) refers (Special) to rtexit2.o(.ARM.Collect$$rtexit$$00000003) for __rt_exit_ls
    rtexit.o(.ARM.Collect$$rtexit$$00000000) refers (Special) to rtexit2.o(.ARM.Collect$$rtexit$$00000002) for __rt_exit_prels_1
    rtexit.o(.ARM.exidx) refers (Special) to rtexit2.o(.ARM.Collect$$rtexit$$00000004) for __rt_exit_exit
    rtexit.o(.ARM.exidx) refers (Special) to rtexit2.o(.ARM.Collect$$rtexit$$00000003) for __rt_exit_ls
    rtexit.o(.ARM.exidx) refers (Special) to rtexit2.o(.ARM.Collect$$rtexit$$00000002) for __rt_exit_prels_1
    rtexit.o(.ARM.exidx) refers to rtexit.o(.ARM.Collect$$rtexit$$00000000) for .ARM.Collect$$rtexit$$00000000
    defsig_rtmem_outer.o(.text) refers to defsig_rtmem_inner.o(.text) for __rt_SIGRTMEM_inner
    defsig_rtmem_outer.o(.text) refers to defsig_exit.o(.text) for __sig_exit
    defsig_rtmem_formal.o(.text) refers to rt_raise.o(.text) for __rt_raise
    rtexit2.o(.ARM.Collect$$rtexit$$00000003) refers to libshutdown.o(.ARM.Collect$$libshutdown$$00000000) for __rt_lib_shutdown
    rtexit2.o(.ARM.Collect$$rtexit$$00000004) refers to sys_exit.o(.text) for _sys_exit
    rtexit2.o(.ARM.exidx) refers to rtexit2.o(.ARM.Collect$$rtexit$$00000001) for .ARM.Collect$$rtexit$$00000001
    rtexit2.o(.ARM.exidx) refers to rtexit2.o(.ARM.Collect$$rtexit$$00000003) for .ARM.Collect$$rtexit$$00000003
    rtexit2.o(.ARM.exidx) refers to rtexit2.o(.ARM.Collect$$rtexit$$00000004) for .ARM.Collect$$rtexit$$00000004
    rt_raise.o(.text) refers to __raise.o(.text) for __raise
    rt_raise.o(.text) refers to sys_exit.o(.text) for _sys_exit
    defsig_exit.o(.text) refers to sys_exit.o(.text) for _sys_exit
    defsig_rtmem_inner.o(.text) refers to defsig_general.o(.text) for __default_signal_display
    sys_exit.o(.text) refers (Special) to use_no_semi.o(.text) for __I$use$semihosting
    sys_exit.o(.text) refers (Special) to indicate_semi.o(.text) for __semihosting_library_function
    sys_exit_hlt.o(.text) refers (Special) to use_no_semi.o(.text) for __I$use$semihosting
    sys_exit_hlt.o(.text) refers (Special) to indicate_semi.o(.text) for __semihosting_library_function
    __raise.o(.text) refers to defsig.o(CL$$defsig) for __default_signal_handler
    defsig_general.o(.text) refers to sys_wrch.o(.text) for _ttywrch
    libshutdown.o(.ARM.Collect$$libshutdown$$00000000) refers (Special) to libshutdown2.o(.ARM.Collect$$libshutdown$$00000002) for __rt_lib_shutdown_cpp_1
    libshutdown.o(.ARM.Collect$$libshutdown$$00000000) refers (Special) to libshutdown2.o(.ARM.Collect$$libshutdown$$00000007) for __rt_lib_shutdown_fp_trap_1
    libshutdown.o(.ARM.Collect$$libshutdown$$00000000) refers (Special) to libshutdown2.o(.ARM.Collect$$libshutdown$$0000000F) for __rt_lib_shutdown_heap_1
    libshutdown.o(.ARM.Collect$$libshutdown$$00000000) refers (Special) to libshutdown2.o(.ARM.Collect$$libshutdown$$00000010) for __rt_lib_shutdown_return
    libshutdown.o(.ARM.Collect$$libshutdown$$00000000) refers (Special) to libshutdown2.o(.ARM.Collect$$libshutdown$$0000000A) for __rt_lib_shutdown_signal_1
    libshutdown.o(.ARM.Collect$$libshutdown$$00000000) refers (Special) to libshutdown2.o(.ARM.Collect$$libshutdown$$00000004) for __rt_lib_shutdown_stdio_1
    libshutdown.o(.ARM.Collect$$libshutdown$$00000000) refers (Special) to libshutdown2.o(.ARM.Collect$$libshutdown$$0000000C) for __rt_lib_shutdown_user_alloc_1
    sys_wrch.o(.text) refers (Special) to use_no_semi.o(.text) for __I$use$semihosting
    sys_wrch.o(.text) refers (Special) to indicate_semi.o(.text) for __semihosting_library_function
    sys_wrch_hlt.o(.text) refers (Special) to use_no_semi.o(.text) for __I$use$semihosting
    sys_wrch_hlt.o(.text) refers (Special) to indicate_semi.o(.text) for __semihosting_library_function
    defsig.o(CL$$defsig) refers to defsig_rtmem_inner.o(.text) for __rt_SIGRTMEM_inner
    defsig_abrt_inner.o(.text) refers to defsig_general.o(.text) for __default_signal_display
    defsig_fpe_inner.o(.text) refers to defsig_general.o(.text) for __default_signal_display
    defsig_rtred_inner.o(.text) refers to defsig_general.o(.text) for __default_signal_display
    defsig_stak_inner.o(.text) refers to defsig_general.o(.text) for __default_signal_display
    defsig_pvfn_inner.o(.text) refers to defsig_general.o(.text) for __default_signal_display
    defsig_cppl_inner.o(.text) refers to defsig_general.o(.text) for __default_signal_display
    defsig_segv_inner.o(.text) refers to defsig_general.o(.text) for __default_signal_display
    defsig_other.o(.text) refers to defsig_general.o(.text) for __default_signal_display


==============================================================================

Removing Unused input sections from the image.

    Removing main.o(.text), (0 bytes).
    Removing main.o(.ARM.exidx.text.main), (8 bytes).
    Removing main.o(.ARM.use_no_argv), (4 bytes).
    Removing gpio.o(.text), (0 bytes).
    Removing gpio.o(.text.RGB_LED_Init), (82 bytes).
    Removing gpio.o(.ARM.exidx.text.RGB_LED_Init), (8 bytes).
    Removing gpio.o(.text.RGB_LED_Output), (32 bytes).
    Removing gpio.o(.ARM.exidx.text.RGB_LED_Output), (8 bytes).
    Removing gpio.o(.text.RGB_LED_Status), (28 bytes).
    Removing gpio.o(.ARM.exidx.text.RGB_LED_Status), (8 bytes).
    Removing gpio.o(.text.EduBase_LEDs_Init), (82 bytes).
    Removing gpio.o(.ARM.exidx.text.EduBase_LEDs_Init), (8 bytes).
    Removing gpio.o(.text.EduBase_LEDs_Output), (32 bytes).
    Removing gpio.o(.ARM.exidx.text.EduBase_LEDs_Output), (8 bytes).
    Removing gpio.o(.text.EduBase_Button_Init), (66 bytes).
    Removing gpio.o(.ARM.exidx.text.EduBase_Button_Init), (8 bytes).
    Removing gpio.o(.text.Get_EduBase_Button_Status), (28 bytes).
    Removing gpio.o(.ARM.exidx.text.Get_EduBase_Button_Status), (8 bytes).
    Removing gpio.o(.rodata.RGB_LED_OFF), (1 bytes).
    Removing gpio.o(.rodata.RGB_LED_RED), (1 bytes).
    Removing gpio.o(.rodata.RGB_LED_BLUE), (1 bytes).
    Removing gpio.o(.rodata.RGB_LED_GREEN), (1 bytes).
    Removing gpio.o(.rodata.EDUBASE_LED_ALL_OFF), (1 bytes).
    Removing gpio.o(.rodata.EDUBASE_LED_ALL_ON), (1 bytes).
    Removing systick_delay.o(.text), (0 bytes).
    Removing systick_delay.o(.ARM.exidx.text.SysTick_Delay_Init), (8 bytes).
    Removing systick_delay.o(.text.SysTick_Delay1us), (42 bytes).
    Removing systick_delay.o(.ARM.exidx.text.SysTick_Delay1us), (8 bytes).
    Removing systick_delay.o(.ARM.exidx.text.SysTick_Delay1ms), (8 bytes).
    Removing systick_delay.o(.ARM.exidx.text.SysTick_Handler), (8 bytes).
    Removing uart0.o(.text), (0 bytes).
    Removing uart0.o(.ARM.exidx.text.UART0_Init), (8 bytes).
    Removing uart0.o(.ARM.exidx.text.UART0_Input_Character), (8 bytes).
    Removing uart0.o(.ARM.exidx.text.UART0_Output_Character), (8 bytes).
    Removing uart0.o(.text.UART0_Input_String), (136 bytes).
    Removing uart0.o(.ARM.exidx.text.UART0_Input_String), (8 bytes).
    Removing uart0.o(.ARM.exidx.text.UART0_Output_String), (8 bytes).
    Removing uart0.o(.text.UART0_Input_Unsigned_Decimal), (152 bytes).
    Removing uart0.o(.ARM.exidx.text.UART0_Input_Unsigned_Decimal), (8 bytes).
    Removing uart0.o(.ARM.exidx.text.UART0_Output_Unsigned_Decimal), (8 bytes).
    Removing uart0.o(.text.UART0_Input_Unsigned_Hexadecimal), (220 bytes).
    Removing uart0.o(.ARM.exidx.text.UART0_Input_Unsigned_Hexadecimal), (8 bytes).
    Removing uart0.o(.text.UART0_Output_Unsigned_Hexadecimal), (72 bytes).
    Removing uart0.o(.ARM.exidx.text.UART0_Output_Unsigned_Hexadecimal), (8 bytes).
    Removing uart0.o(.ARM.exidx.text.UART0_Output_Newline), (8 bytes).
    Removing uart0.o(.ARM.exidx.text.UART0_Char_Available), (8 bytes).
    Removing game_display.o(.text), (0 bytes).
    Removing game_display.o(.ARM.exidx.text.Draw_Game), (8 bytes).
    Removing game_logic.o(.text), (0 bytes).
    Removing game_logic.o(.ARM.exidx.text.Food_Init), (8 bytes).
    Removing game_logic.o(.ARM.exidx.text.Game_Init), (8 bytes).
    Removing game_logic.o(.ARM.exidx.text.Snake_Move), (8 bytes).
    Removing game_logic.o(.ARM.exidx.text.Snake_Grow), (8 bytes).
    Removing game_logic.o(.ARM.exidx.text.Check_Collision), (8 bytes).
    Removing game_replay.o(.text), (0 bytes).
    Removing game_replay.o(.ARM.exidx.text.Play_Again), (8 bytes).
    Removing system_tm4c123.o(.text), (0 bytes).
    Removing system_tm4c123.o(.text.SystemCoreClockUpdate), (326 bytes).
    Removing system_tm4c123.o(.ARM.exidx.text.SystemCoreClockUpdate), (8 bytes).
    Removing system_tm4c123.o(.text.getOscClk), (360 bytes).
    Removing system_tm4c123.o(.ARM.exidx.text.getOscClk), (8 bytes).
    Removing system_tm4c123.o(.ARM.exidx.text.SystemInit), (8 bytes).
    Removing system_tm4c123.o(.data.SystemCoreClock), (4 bytes).

63 unused section(s) (total 1936 bytes) removed from the image.

==============================================================================

Image Symbol Table

    Local Symbols

    Symbol Name                              Value     Ov Type        Size  Object(Section)

    ../clib/angel/boardlib.s                 0x00000000   Number         0  boardinit1.o ABSOLUTE
    ../clib/angel/boardlib.s                 0x00000000   Number         0  boardinit2.o ABSOLUTE
    ../clib/angel/boardlib.s                 0x00000000   Number         0  boardinit3.o ABSOLUTE
    ../clib/angel/boardlib.s                 0x00000000   Number         0  boardshut.o ABSOLUTE
    ../clib/angel/handlers.s                 0x00000000   Number         0  __scatter_copy.o ABSOLUTE
    ../clib/angel/handlers.s                 0x00000000   Number         0  __scatter_zi.o ABSOLUTE
    ../clib/angel/kernel.s                   0x00000000   Number         0  __rtentry.o ABSOLUTE
    ../clib/angel/kernel.s                   0x00000000   Number         0  __rtentry2.o ABSOLUTE
    ../clib/angel/kernel.s                   0x00000000   Number         0  __rtentry4.o ABSOLUTE
    ../clib/angel/kernel.s                   0x00000000   Number         0  rtexit.o ABSOLUTE
    ../clib/angel/kernel.s                   0x00000000   Number         0  rtexit2.o ABSOLUTE
    ../clib/angel/rt.s                       0x00000000   Number         0  rt_raise.o ABSOLUTE
    ../clib/angel/scatter.s                  0x00000000   Number         0  __scatter.o ABSOLUTE
    ../clib/angel/startup.s                  0x00000000   Number         0  __main.o ABSOLUTE
    ../clib/angel/sys.s                      0x00000000   Number         0  sys_stackheap_outer.o ABSOLUTE
    ../clib/angel/sys.s                      0x00000000   Number         0  libspace.o ABSOLUTE
    ../clib/angel/sys.s                      0x00000000   Number         0  use_no_semi.o ABSOLUTE
    ../clib/angel/sys.s                      0x00000000   Number         0  indicate_semi.o ABSOLUTE
    ../clib/angel/sysapp.c                   0x00000000   Number         0  sys_command.o ABSOLUTE
    ../clib/angel/sysapp.c                   0x00000000   Number         0  sys_command_hlt.o ABSOLUTE
    ../clib/angel/sysapp.c                   0x00000000   Number         0  sys_exit.o ABSOLUTE
    ../clib/angel/sysapp.c                   0x00000000   Number         0  sys_exit_hlt.o ABSOLUTE
    ../clib/angel/sysapp.c                   0x00000000   Number         0  sys_wrch.o ABSOLUTE
    ../clib/angel/sysapp.c                   0x00000000   Number         0  sys_wrch_hlt.o ABSOLUTE
    ../clib/armsys.c                         0x00000000   Number         0  argv_veneer.o ABSOLUTE
    ../clib/armsys.c                         0x00000000   Number         0  argv_veneer.o ABSOLUTE
    ../clib/armsys.c                         0x00000000   Number         0  _get_argv_nomalloc.o ABSOLUTE
    ../clib/armsys.c                         0x00000000   Number         0  no_argv.o ABSOLUTE
    ../clib/heapalloc.c                      0x00000000   Number         0  hrguard.o ABSOLUTE
    ../clib/heapaux.c                        0x00000000   Number         0  heapauxi.o ABSOLUTE
    ../clib/libinit.s                        0x00000000   Number         0  libinit2.o ABSOLUTE
    ../clib/libinit.s                        0x00000000   Number         0  libinit.o ABSOLUTE
    ../clib/libinit.s                        0x00000000   Number         0  libshutdown.o ABSOLUTE
    ../clib/libinit.s                        0x00000000   Number         0  libshutdown2.o ABSOLUTE
    ../clib/signal.c                         0x00000000   Number         0  defsig_rtmem_outer.o ABSOLUTE
    ../clib/signal.c                         0x00000000   Number         0  defsig_rtmem_formal.o ABSOLUTE
    ../clib/signal.c                         0x00000000   Number         0  defsig_exit.o ABSOLUTE
    ../clib/signal.c                         0x00000000   Number         0  defsig_rtmem_inner.o ABSOLUTE
    ../clib/signal.c                         0x00000000   Number         0  __raise.o ABSOLUTE
    ../clib/signal.c                         0x00000000   Number         0  defsig_general.o ABSOLUTE
    ../clib/signal.c                         0x00000000   Number         0  defsig_abrt_inner.o ABSOLUTE
    ../clib/signal.c                         0x00000000   Number         0  defsig_fpe_inner.o ABSOLUTE
    ../clib/signal.c                         0x00000000   Number         0  defsig_rtred_inner.o ABSOLUTE
    ../clib/signal.c                         0x00000000   Number         0  defsig_stak_inner.o ABSOLUTE
    ../clib/signal.c                         0x00000000   Number         0  defsig_pvfn_inner.o ABSOLUTE
    ../clib/signal.c                         0x00000000   Number         0  defsig_cppl_inner.o ABSOLUTE
    ../clib/signal.c                         0x00000000   Number         0  defsig_segv_inner.o ABSOLUTE
    ../clib/signal.c                         0x00000000   Number         0  defsig_other.o ABSOLUTE
    ../clib/signal.s                         0x00000000   Number         0  defsig.o ABSOLUTE
    ../clib/stdlib.c                         0x00000000   Number         0  rand.o ABSOLUTE
    ../clib/stdlib.c                         0x00000000   Number         0  rand.o ABSOLUTE
    ../clib/stdlib.c                         0x00000000   Number         0  exit.o ABSOLUTE
    ../fplib/fpinit.s                        0x00000000   Number         0  fpinit.o ABSOLUTE
    GPIO.c                                   0x00000000   Number         0  gpio.o ABSOLUTE
    Game_Display.c                           0x00000000   Number         0  game_display.o ABSOLUTE
    Game_Logic.c                             0x00000000   Number         0  game_logic.o ABSOLUTE
    Game_Replay.c                            0x00000000   Number         0  game_replay.o ABSOLUTE
    RTE/Device/TM4C123GH6PM/startup_TM4C123.s 0x00000000   Number         0  startup_tm4c123.o ABSOLUTE
    SysTick_Delay.c                          0x00000000   Number         0  systick_delay.o ABSOLUTE
    UART0.c                                  0x00000000   Number         0  uart0.o ABSOLUTE
    dc.s                                     0x00000000   Number         0  dc.o ABSOLUTE
    main.c                                   0x00000000   Number         0  main.o ABSOLUTE
    system_TM4C123.c                         0x00000000   Number         0  system_tm4c123.o ABSOLUTE
    RESET                                    0x00000000   Section      620  startup_tm4c123.o(RESET)
    !!!main                                  0x0000026c   Section        8  __main.o(!!!main)
    !!!scatter                               0x00000274   Section       92  __scatter.o(!!!scatter)
    !!handler_copy                           0x000002d0   Section       26  __scatter_copy.o(!!handler_copy)
    !!handler_null                           0x000002ec   Section        2  __scatter.o(!!handler_null)
    !!handler_zi                             0x000002f0   Section       28  __scatter_zi.o(!!handler_zi)
    .ARM.Collect$$libinit$$00000000          0x0000030c   Section        2  libinit.o(.ARM.Collect$$libinit$$00000000)
    .ARM.Collect$$libinit$$00000001          0x0000030e   Section        4  libinit2.o(.ARM.Collect$$libinit$$00000001)
    .ARM.Collect$$libinit$$00000004          0x00000312   Section        0  libinit2.o(.ARM.Collect$$libinit$$00000004)
    .ARM.Collect$$libinit$$00000006          0x00000312   Section        0  libinit2.o(.ARM.Collect$$libinit$$00000006)
    .ARM.Collect$$libinit$$0000000C          0x00000312   Section        0  libinit2.o(.ARM.Collect$$libinit$$0000000C)
    .ARM.Collect$$libinit$$0000000E          0x00000312   Section        0  libinit2.o(.ARM.Collect$$libinit$$0000000E)
    .ARM.Collect$$libinit$$0000000F          0x00000312   Section        4  libinit2.o(.ARM.Collect$$libinit$$0000000F)
    .ARM.Collect$$libinit$$00000010          0x00000316   Section        0  libinit2.o(.ARM.Collect$$libinit$$00000010)
    .ARM.Collect$$libinit$$00000013          0x00000316   Section        0  libinit2.o(.ARM.Collect$$libinit$$00000013)
    .ARM.Collect$$libinit$$00000015          0x00000316   Section        0  libinit2.o(.ARM.Collect$$libinit$$00000015)
    .ARM.Collect$$libinit$$00000017          0x00000316   Section        0  libinit2.o(.ARM.Collect$$libinit$$00000017)
    .ARM.Collect$$libinit$$00000019          0x00000316   Section        0  libinit2.o(.ARM.Collect$$libinit$$00000019)
    .ARM.Collect$$libinit$$0000001B          0x00000316   Section        0  libinit2.o(.ARM.Collect$$libinit$$0000001B)
    .ARM.Collect$$libinit$$0000001D          0x00000316   Section        0  libinit2.o(.ARM.Collect$$libinit$$0000001D)
    .ARM.Collect$$libinit$$0000001F          0x00000316   Section        0  libinit2.o(.ARM.Collect$$libinit$$0000001F)
    .ARM.Collect$$libinit$$00000021          0x00000316   Section        0  libinit2.o(.ARM.Collect$$libinit$$00000021)
    .ARM.Collect$$libinit$$00000023          0x00000316   Section        0  libinit2.o(.ARM.Collect$$libinit$$00000023)
    .ARM.Collect$$libinit$$00000025          0x00000316   Section        0  libinit2.o(.ARM.Collect$$libinit$$00000025)
    .ARM.Collect$$libinit$$00000027          0x00000316   Section        0  libinit2.o(.ARM.Collect$$libinit$$00000027)
    .ARM.Collect$$libinit$$0000002E          0x00000316   Section        0  libinit2.o(.ARM.Collect$$libinit$$0000002E)
    .ARM.Collect$$libinit$$00000030          0x00000316   Section        0  libinit2.o(.ARM.Collect$$libinit$$00000030)
    .ARM.Collect$$libinit$$00000032          0x00000316   Section        0  libinit2.o(.ARM.Collect$$libinit$$00000032)
    .ARM.Collect$$libinit$$00000034          0x00000316   Section        0  libinit2.o(.ARM.Collect$$libinit$$00000034)
    .ARM.Collect$$libinit$$00000035          0x00000316   Section        2  libinit2.o(.ARM.Collect$$libinit$$00000035)
    .ARM.Collect$$libshutdown$$00000000      0x00000318   Section        2  libshutdown.o(.ARM.Collect$$libshutdown$$00000000)
    .ARM.Collect$$libshutdown$$00000002      0x0000031a   Section        0  libshutdown2.o(.ARM.Collect$$libshutdown$$00000002)
    .ARM.Collect$$libshutdown$$00000004      0x0000031a   Section        0  libshutdown2.o(.ARM.Collect$$libshutdown$$00000004)
    .ARM.Collect$$libshutdown$$00000007      0x0000031a   Section        0  libshutdown2.o(.ARM.Collect$$libshutdown$$00000007)
    .ARM.Collect$$libshutdown$$0000000A      0x0000031a   Section        0  libshutdown2.o(.ARM.Collect$$libshutdown$$0000000A)
    .ARM.Collect$$libshutdown$$0000000C      0x0000031a   Section        0  libshutdown2.o(.ARM.Collect$$libshutdown$$0000000C)
    .ARM.Collect$$libshutdown$$0000000F      0x0000031a   Section        0  libshutdown2.o(.ARM.Collect$$libshutdown$$0000000F)
    .ARM.Collect$$libshutdown$$00000010      0x0000031a   Section        2  libshutdown2.o(.ARM.Collect$$libshutdown$$00000010)
    .ARM.Collect$$rtentry$$00000000          0x0000031c   Section        0  __rtentry.o(.ARM.Collect$$rtentry$$00000000)
    .ARM.Collect$$rtentry$$00000002          0x0000031c   Section        0  __rtentry2.o(.ARM.Collect$$rtentry$$00000002)
    .ARM.Collect$$rtentry$$00000004          0x0000031c   Section        6  __rtentry4.o(.ARM.Collect$$rtentry$$00000004)
    .ARM.Collect$$rtentry$$00000009          0x00000322   Section        0  __rtentry2.o(.ARM.Collect$$rtentry$$00000009)
    .ARM.Collect$$rtentry$$0000000A          0x00000322   Section        4  __rtentry2.o(.ARM.Collect$$rtentry$$0000000A)
    .ARM.Collect$$rtentry$$0000000C          0x00000326   Section        0  __rtentry2.o(.ARM.Collect$$rtentry$$0000000C)
    .ARM.Collect$$rtentry$$0000000D          0x00000326   Section        8  __rtentry2.o(.ARM.Collect$$rtentry$$0000000D)
    .ARM.Collect$$rtexit$$00000000           0x0000032e   Section        2  rtexit.o(.ARM.Collect$$rtexit$$00000000)
    .ARM.Collect$$rtexit$$00000002           0x00000330   Section        0  rtexit2.o(.ARM.Collect$$rtexit$$00000002)
    .ARM.Collect$$rtexit$$00000003           0x00000330   Section        4  rtexit2.o(.ARM.Collect$$rtexit$$00000003)
    .ARM.Collect$$rtexit$$00000004           0x00000334   Section        6  rtexit2.o(.ARM.Collect$$rtexit$$00000004)
    .emb_text                                0x0000033c   Section       52  rand.o(.emb_text)
    $v0                                      0x00000370   Number         0  startup_tm4c123.o(.text)
    .text                                    0x00000370   Section      276  startup_tm4c123.o(.text)
    .text                                    0x00000484   Section        0  rand.o(.text)
    .text                                    0x000004c0   Section        0  heapauxi.o(.text)
    .text                                    0x000004c6   Section       74  sys_stackheap_outer.o(.text)
    .text                                    0x00000510   Section        0  exit.o(.text)
    .text                                    0x00000524   Section        8  libspace.o(.text)
    .text                                    0x0000052c   Section        2  use_no_semi.o(.text)
    .text                                    0x0000052e   Section        0  indicate_semi.o(.text)
    .text                                    0x00000530   Section        0  sys_exit.o(.text)
    [Anonymous Symbol]                       0x0000053c   Section        0  game_logic.o(.text.Check_Collision)
    [Anonymous Symbol]                       0x000005f0   Section        0  game_display.o(.text.Draw_Game)
    [Anonymous Symbol]                       0x000006d8   Section        0  game_logic.o(.text.Food_Init)
    [Anonymous Symbol]                       0x00000728   Section        0  game_logic.o(.text.Game_Init)
    [Anonymous Symbol]                       0x00000770   Section        0  game_replay.o(.text.Play_Again)
    [Anonymous Symbol]                       0x000007fc   Section        0  game_logic.o(.text.Snake_Grow)
    [Anonymous Symbol]                       0x00000844   Section        0  game_logic.o(.text.Snake_Move)
    [Anonymous Symbol]                       0x000008e0   Section        0  systick_delay.o(.text.SysTick_Delay1ms)
    [Anonymous Symbol]                       0x0000092c   Section        0  systick_delay.o(.text.SysTick_Delay_Init)
    [Anonymous Symbol]                       0x00000958   Section        0  systick_delay.o(.text.SysTick_Handler)
    [Anonymous Symbol]                       0x000009a0   Section        0  system_tm4c123.o(.text.SystemInit)
    [Anonymous Symbol]                       0x00000aac   Section        0  uart0.o(.text.UART0_Char_Available)
    [Anonymous Symbol]                       0x00000ac4   Section        0  uart0.o(.text.UART0_Init)
    [Anonymous Symbol]                       0x00000b88   Section        0  uart0.o(.text.UART0_Input_Character)
    [Anonymous Symbol]                       0x00000bac   Section        0  uart0.o(.text.UART0_Output_Character)
    [Anonymous Symbol]                       0x00000bdc   Section        0  uart0.o(.text.UART0_Output_Newline)
    [Anonymous Symbol]                       0x00000bec   Section        0  uart0.o(.text.UART0_Output_String)
    [Anonymous Symbol]                       0x00000c10   Section        0  uart0.o(.text.UART0_Output_Unsigned_Decimal)
    [Anonymous Symbol]                       0x00000c58   Section        0  main.o(.text.main)
    $v0                                      0x00000fae   Number         0  fpinit.o(x$fpl$fpinit)
    x$fpl$fpinit                             0x00000fae   Section       26  fpinit.o(x$fpl$fpinit)
    .L.str.5                                 0x00000fc8   Data          45  main.o(.rodata.str1.1)
    [Anonymous Symbol]                       0x00000fc8   Section        0  main.o(.rodata.str1.1)
    .L.str.12                                0x00000ff5   Data          14  main.o(.rodata.str1.1)
    .L.str.11                                0x00001003   Data          13  main.o(.rodata.str1.1)
    .L.str.10                                0x00001010   Data          14  main.o(.rodata.str1.1)
    .L.str.7                                 0x0000101e   Data          21  main.o(.rodata.str1.1)
    .L.str.4                                 0x00001033   Data          71  main.o(.rodata.str1.1)
    .L.str.9                                 0x0000107a   Data          46  main.o(.rodata.str1.1)
    .L.str.6                                 0x000010a8   Data          27  main.o(.rodata.str1.1)
    .L.str.14                                0x000010c3   Data          46  main.o(.rodata.str1.1)
    .L.str.3                                 0x000010f1   Data          53  main.o(.rodata.str1.1)
    .L.str.8                                 0x00001126   Data           9  main.o(.rodata.str1.1)
    .L.str.1                                 0x0000112f   Data           4  main.o(.rodata.str1.1)
    .L.str                                   0x00001133   Data           5  main.o(.rodata.str1.1)
    .L.str.2                                 0x00001138   Data          16  main.o(.rodata.str1.1)
    .L.str.13                                0x00001148   Data           4  main.o(.rodata.str1.1)
    .L.str                                   0x0000114c   Data          38  game_replay.o(.rodata.str1.1)
    [Anonymous Symbol]                       0x0000114c   Section        0  game_replay.o(.rodata.str1.1)
    .L.str.1                                 0x00001172   Data          30  game_replay.o(.rodata.str1.1)
    .bss                                     0x20000008   Section      228  rand.o(.bss)
    .bss                                     0x200000ec   Section       96  libspace.o(.bss)
    ms_active                                0x20000154   Data           1  systick_delay.o(.bss.ms_active)
    [Anonymous Symbol]                       0x20000154   Section        0  systick_delay.o(.bss.ms_active)
    ms_elapsed                               0x20000158   Data           4  systick_delay.o(.bss.ms_elapsed)
    [Anonymous Symbol]                       0x20000158   Section        0  systick_delay.o(.bss.ms_elapsed)
    us_elapsed                               0x200001c0   Data           4  systick_delay.o(.bss.us_elapsed)
    [Anonymous Symbol]                       0x200001c0   Section        0  systick_delay.o(.bss.us_elapsed)
    Heap_Mem                                 0x200001c8   Data           0  startup_tm4c123.o(HEAP)
    Stack_Mem                                0x200001c8   Data         512  startup_tm4c123.o(STACK)
    HEAP                                     0x200001c8   Section        0  startup_tm4c123.o(HEAP)
    STACK                                    0x200001c8   Section      512  startup_tm4c123.o(STACK)
    __initial_sp                             0x200003c8   Data           0  startup_tm4c123.o(STACK)

    Global Symbols

    Symbol Name                              Value     Ov Type        Size  Object(Section)

    BuildAttributes$$THM_ISAv4$E$P$D$K$B$S$7EM$VFPi3$EXTD16$VFPS$VFMA$PE$A:L22UL41UL21$X:L11$S22US41US21$IEEE1$IW$~IW$USESV6$~STKCKD$USESV7$~SHL$OSPACE$ROPI$EBA8$UX$STANDARDLIB$REQ8$PRES8$EABIv2 0x00000000   Number         0  anon$$obj.o ABSOLUTE
    __Vectors                                0x00000000   Data           4  startup_tm4c123.o(RESET)
    __ARM_exceptions_init                     - Undefined Weak Reference
    __alloca_initialize                       - Undefined Weak Reference
    __arm_preinit_                            - Undefined Weak Reference
    __arm_relocate_pie_                       - Undefined Weak Reference
    __cpp_initialize__aeabi_                  - Undefined Weak Reference
    __cxa_finalize                            - Undefined Weak Reference
    __rt_locale                               - Undefined Weak Reference
    __sigvec_lookup                           - Undefined Weak Reference
    _atexit_init                              - Undefined Weak Reference
    _call_atexit_fns                          - Undefined Weak Reference
    _clock_init                               - Undefined Weak Reference
    _fp_trap_init                             - Undefined Weak Reference
    _fp_trap_shutdown                         - Undefined Weak Reference
    _get_lc_collate                           - Undefined Weak Reference
    _get_lc_ctype                             - Undefined Weak Reference
    _get_lc_monetary                          - Undefined Weak Reference
    _get_lc_numeric                           - Undefined Weak Reference
    _get_lc_time                              - Undefined Weak Reference
    _getenv_init                              - Undefined Weak Reference
    _handle_redirection                       - Undefined Weak Reference
    _init_alloc                               - Undefined Weak Reference
    _init_user_alloc                          - Undefined Weak Reference
    _initio                                   - Undefined Weak Reference
    _signal_finish                            - Undefined Weak Reference
    _signal_init                              - Undefined Weak Reference
    _terminate_alloc                          - Undefined Weak Reference
    _terminate_user_alloc                     - Undefined Weak Reference
    _terminateio                              - Undefined Weak Reference
    __Vectors_End                            0x0000026c   Data           0  startup_tm4c123.o(RESET)
    __Vectors_Size                           0x0000026c   Number         0  startup_tm4c123.o ABSOLUTE
    __main                                   0x0000026d   Thumb Code     8  __main.o(!!!main)
    __scatterload                            0x00000275   Thumb Code     0  __scatter.o(!!!scatter)
    __scatterload_rt2                        0x00000275   Thumb Code    84  __scatter.o(!!!scatter)
    __scatterload_rt2_thumb_only             0x00000275   Thumb Code     0  __scatter.o(!!!scatter)
    __scatterload_loop                       0x0000027f   Thumb Code     0  __scatter.o(!!!scatter)
    __scatterload_copy                       0x000002d1   Thumb Code    26  __scatter_copy.o(!!handler_copy)
    __scatterload_null                       0x000002ed   Thumb Code     2  __scatter.o(!!handler_null)
    __scatterload_zeroinit                   0x000002f1   Thumb Code    28  __scatter_zi.o(!!handler_zi)
    __rt_lib_init                            0x0000030d   Thumb Code     0  libinit.o(.ARM.Collect$$libinit$$00000000)
    __rt_lib_init_fp_1                       0x0000030f   Thumb Code     0  libinit2.o(.ARM.Collect$$libinit$$00000001)
    __rt_lib_init_heap_1                     0x00000313   Thumb Code     0  libinit2.o(.ARM.Collect$$libinit$$0000000C)
    __rt_lib_init_preinit_1                  0x00000313   Thumb Code     0  libinit2.o(.ARM.Collect$$libinit$$00000006)
    __rt_lib_init_rand_2                     0x00000313   Thumb Code     0  libinit2.o(.ARM.Collect$$libinit$$0000000F)
    __rt_lib_init_relocate_pie_1             0x00000313   Thumb Code     0  libinit2.o(.ARM.Collect$$libinit$$00000004)
    __rt_lib_init_user_alloc_1               0x00000313   Thumb Code     0  libinit2.o(.ARM.Collect$$libinit$$0000000E)
    __rt_lib_init_alloca_1                   0x00000317   Thumb Code     0  libinit2.o(.ARM.Collect$$libinit$$00000030)
    __rt_lib_init_argv_1                     0x00000317   Thumb Code     0  libinit2.o(.ARM.Collect$$libinit$$0000002E)
    __rt_lib_init_atexit_1                   0x00000317   Thumb Code     0  libinit2.o(.ARM.Collect$$libinit$$0000001D)
    __rt_lib_init_clock_1                    0x00000317   Thumb Code     0  libinit2.o(.ARM.Collect$$libinit$$00000023)
    __rt_lib_init_cpp_1                      0x00000317   Thumb Code     0  libinit2.o(.ARM.Collect$$libinit$$00000034)
    __rt_lib_init_exceptions_1               0x00000317   Thumb Code     0  libinit2.o(.ARM.Collect$$libinit$$00000032)
    __rt_lib_init_fp_trap_1                  0x00000317   Thumb Code     0  libinit2.o(.ARM.Collect$$libinit$$00000021)
    __rt_lib_init_getenv_1                   0x00000317   Thumb Code     0  libinit2.o(.ARM.Collect$$libinit$$00000025)
    __rt_lib_init_lc_collate_1               0x00000317   Thumb Code     0  libinit2.o(.ARM.Collect$$libinit$$00000013)
    __rt_lib_init_lc_ctype_1                 0x00000317   Thumb Code     0  libinit2.o(.ARM.Collect$$libinit$$00000015)
    __rt_lib_init_lc_monetary_1              0x00000317   Thumb Code     0  libinit2.o(.ARM.Collect$$libinit$$00000017)
    __rt_lib_init_lc_numeric_1               0x00000317   Thumb Code     0  libinit2.o(.ARM.Collect$$libinit$$00000019)
    __rt_lib_init_lc_time_1                  0x00000317   Thumb Code     0  libinit2.o(.ARM.Collect$$libinit$$0000001B)
    __rt_lib_init_rand_1                     0x00000317   Thumb Code     0  libinit2.o(.ARM.Collect$$libinit$$00000010)
    __rt_lib_init_return                     0x00000317   Thumb Code     0  libinit2.o(.ARM.Collect$$libinit$$00000035)
    __rt_lib_init_signal_1                   0x00000317   Thumb Code     0  libinit2.o(.ARM.Collect$$libinit$$0000001F)
    __rt_lib_init_stdio_1                    0x00000317   Thumb Code     0  libinit2.o(.ARM.Collect$$libinit$$00000027)
    __rt_lib_shutdown                        0x00000319   Thumb Code     0  libshutdown.o(.ARM.Collect$$libshutdown$$00000000)
    __rt_lib_shutdown_cpp_1                  0x0000031b   Thumb Code     0  libshutdown2.o(.ARM.Collect$$libshutdown$$00000002)
    __rt_lib_shutdown_fp_trap_1              0x0000031b   Thumb Code     0  libshutdown2.o(.ARM.Collect$$libshutdown$$00000007)
    __rt_lib_shutdown_heap_1                 0x0000031b   Thumb Code     0  libshutdown2.o(.ARM.Collect$$libshutdown$$0000000F)
    __rt_lib_shutdown_return                 0x0000031b   Thumb Code     0  libshutdown2.o(.ARM.Collect$$libshutdown$$00000010)
    __rt_lib_shutdown_signal_1               0x0000031b   Thumb Code     0  libshutdown2.o(.ARM.Collect$$libshutdown$$0000000A)
    __rt_lib_shutdown_stdio_1                0x0000031b   Thumb Code     0  libshutdown2.o(.ARM.Collect$$libshutdown$$00000004)
    __rt_lib_shutdown_user_alloc_1           0x0000031b   Thumb Code     0  libshutdown2.o(.ARM.Collect$$libshutdown$$0000000C)
    __rt_entry                               0x0000031d   Thumb Code     0  __rtentry.o(.ARM.Collect$$rtentry$$00000000)
    __rt_entry_presh_1                       0x0000031d   Thumb Code     0  __rtentry2.o(.ARM.Collect$$rtentry$$00000002)
    __rt_entry_sh                            0x0000031d   Thumb Code     0  __rtentry4.o(.ARM.Collect$$rtentry$$00000004)
    __rt_entry_li                            0x00000323   Thumb Code     0  __rtentry2.o(.ARM.Collect$$rtentry$$0000000A)
    __rt_entry_postsh_1                      0x00000323   Thumb Code     0  __rtentry2.o(.ARM.Collect$$rtentry$$00000009)
    __rt_entry_main                          0x00000327   Thumb Code     0  __rtentry2.o(.ARM.Collect$$rtentry$$0000000D)
    __rt_entry_postli_1                      0x00000327   Thumb Code     0  __rtentry2.o(.ARM.Collect$$rtentry$$0000000C)
    __rt_exit                                0x0000032f   Thumb Code     0  rtexit.o(.ARM.Collect$$rtexit$$00000000)
    __rt_exit_ls                             0x00000331   Thumb Code     0  rtexit2.o(.ARM.Collect$$rtexit$$00000003)
    __rt_exit_prels_1                        0x00000331   Thumb Code     0  rtexit2.o(.ARM.Collect$$rtexit$$00000002)
    __rt_exit_exit                           0x00000335   Thumb Code     0  rtexit2.o(.ARM.Collect$$rtexit$$00000004)
    rand                                     0x0000033d   Thumb Code    48  rand.o(.emb_text)
    Reset_Handler                            0x00000371   Thumb Code     8  startup_tm4c123.o(.text)
    NMI_Handler                              0x00000379   Thumb Code     2  startup_tm4c123.o(.text)
    HardFault_Handler                        0x0000037b   Thumb Code     2  startup_tm4c123.o(.text)
    MemManage_Handler                        0x0000037d   Thumb Code     2  startup_tm4c123.o(.text)
    BusFault_Handler                         0x0000037f   Thumb Code     2  startup_tm4c123.o(.text)
    UsageFault_Handler                       0x00000381   Thumb Code     2  startup_tm4c123.o(.text)
    SVC_Handler                              0x00000383   Thumb Code     2  startup_tm4c123.o(.text)
    DebugMon_Handler                         0x00000385   Thumb Code     2  startup_tm4c123.o(.text)
    PendSV_Handler                           0x00000387   Thumb Code     2  startup_tm4c123.o(.text)
    GPIOA_Handler                            0x0000038b   Thumb Code     2  startup_tm4c123.o(.text)
    GPIOB_Handler                            0x0000038d   Thumb Code     2  startup_tm4c123.o(.text)
    GPIOC_Handler                            0x0000038f   Thumb Code     2  startup_tm4c123.o(.text)
    GPIOD_Handler                            0x00000391   Thumb Code     2  startup_tm4c123.o(.text)
    GPIOE_Handler                            0x00000393   Thumb Code     2  startup_tm4c123.o(.text)
    UART0_Handler                            0x00000395   Thumb Code     2  startup_tm4c123.o(.text)
    UART1_Handler                            0x00000397   Thumb Code     2  startup_tm4c123.o(.text)
    SSI0_Handler                             0x00000399   Thumb Code     2  startup_tm4c123.o(.text)
    I2C0_Handler                             0x0000039b   Thumb Code     2  startup_tm4c123.o(.text)
    PMW0_FAULT_Handler                       0x0000039d   Thumb Code     2  startup_tm4c123.o(.text)
    PWM0_0_Handler                           0x0000039f   Thumb Code     2  startup_tm4c123.o(.text)
    PWM0_1_Handler                           0x000003a1   Thumb Code     2  startup_tm4c123.o(.text)
    PWM0_2_Handler                           0x000003a3   Thumb Code     2  startup_tm4c123.o(.text)
    QEI0_Handler                             0x000003a5   Thumb Code     2  startup_tm4c123.o(.text)
    ADC0SS0_Handler                          0x000003a7   Thumb Code     2  startup_tm4c123.o(.text)
    ADC0SS1_Handler                          0x000003a9   Thumb Code     2  startup_tm4c123.o(.text)
    ADC0SS2_Handler                          0x000003ab   Thumb Code     2  startup_tm4c123.o(.text)
    ADC0SS3_Handler                          0x000003ad   Thumb Code     2  startup_tm4c123.o(.text)
    WDT0_Handler                             0x000003af   Thumb Code     2  startup_tm4c123.o(.text)
    TIMER0A_Handler                          0x000003b1   Thumb Code     2  startup_tm4c123.o(.text)
    TIMER0B_Handler                          0x000003b3   Thumb Code     2  startup_tm4c123.o(.text)
    TIMER1A_Handler                          0x000003b5   Thumb Code     2  startup_tm4c123.o(.text)
    TIMER1B_Handler                          0x000003b7   Thumb Code     2  startup_tm4c123.o(.text)
    TIMER2A_Handler                          0x000003b9   Thumb Code     2  startup_tm4c123.o(.text)
    TIMER2B_Handler                          0x000003bb   Thumb Code     2  startup_tm4c123.o(.text)
    COMP0_Handler                            0x000003bd   Thumb Code     2  startup_tm4c123.o(.text)
    COMP1_Handler                            0x000003bf   Thumb Code     2  startup_tm4c123.o(.text)
    COMP2_Handler                            0x000003c1   Thumb Code     2  startup_tm4c123.o(.text)
    SYSCTL_Handler                           0x000003c3   Thumb Code     2  startup_tm4c123.o(.text)
    FLASH_Handler                            0x000003c5   Thumb Code     2  startup_tm4c123.o(.text)
    GPIOF_Handler                            0x000003c7   Thumb Code     2  startup_tm4c123.o(.text)
    GPIOG_Handler                            0x000003c9   Thumb Code     2  startup_tm4c123.o(.text)
    GPIOH_Handler                            0x000003cb   Thumb Code     2  startup_tm4c123.o(.text)
    UART2_Handler                            0x000003cd   Thumb Code     2  startup_tm4c123.o(.text)
    SSI1_Handler                             0x000003cf   Thumb Code     2  startup_tm4c123.o(.text)
    TIMER3A_Handler                          0x000003d1   Thumb Code     2  startup_tm4c123.o(.text)
    TIMER3B_Handler                          0x000003d3   Thumb Code     2  startup_tm4c123.o(.text)
    I2C1_Handler                             0x000003d5   Thumb Code     2  startup_tm4c123.o(.text)
    QEI1_Handler                             0x000003d7   Thumb Code     2  startup_tm4c123.o(.text)
    CAN0_Handler                             0x000003d9   Thumb Code     2  startup_tm4c123.o(.text)
    CAN1_Handler                             0x000003db   Thumb Code     2  startup_tm4c123.o(.text)
    CAN2_Handler                             0x000003dd   Thumb Code     2  startup_tm4c123.o(.text)
    HIB_Handler                              0x000003df   Thumb Code     2  startup_tm4c123.o(.text)
    USB0_Handler                             0x000003e1   Thumb Code     2  startup_tm4c123.o(.text)
    PWM0_3_Handler                           0x000003e3   Thumb Code     2  startup_tm4c123.o(.text)
    UDMA_Handler                             0x000003e5   Thumb Code     2  startup_tm4c123.o(.text)
    UDMAERR_Handler                          0x000003e7   Thumb Code     2  startup_tm4c123.o(.text)
    ADC1SS0_Handler                          0x000003e9   Thumb Code     2  startup_tm4c123.o(.text)
    ADC1SS1_Handler                          0x000003eb   Thumb Code     2  startup_tm4c123.o(.text)
    ADC1SS2_Handler                          0x000003ed   Thumb Code     2  startup_tm4c123.o(.text)
    ADC1SS3_Handler                          0x000003ef   Thumb Code     2  startup_tm4c123.o(.text)
    GPIOJ_Handler                            0x000003f1   Thumb Code     2  startup_tm4c123.o(.text)
    GPIOK_Handler                            0x000003f3   Thumb Code     2  startup_tm4c123.o(.text)
    GPIOL_Handler                            0x000003f5   Thumb Code     2  startup_tm4c123.o(.text)
    SSI2_Handler                             0x000003f7   Thumb Code     2  startup_tm4c123.o(.text)
    SSI3_Handler                             0x000003f9   Thumb Code     2  startup_tm4c123.o(.text)
    UART3_Handler                            0x000003fb   Thumb Code     2  startup_tm4c123.o(.text)
    UART4_Handler                            0x000003fd   Thumb Code     2  startup_tm4c123.o(.text)
    UART5_Handler                            0x000003ff   Thumb Code     2  startup_tm4c123.o(.text)
    UART6_Handler                            0x00000401   Thumb Code     2  startup_tm4c123.o(.text)
    UART7_Handler                            0x00000403   Thumb Code     2  startup_tm4c123.o(.text)
    I2C2_Handler                             0x00000405   Thumb Code     2  startup_tm4c123.o(.text)
    I2C3_Handler                             0x00000407   Thumb Code     2  startup_tm4c123.o(.text)
    TIMER4A_Handler                          0x00000409   Thumb Code     2  startup_tm4c123.o(.text)
    TIMER4B_Handler                          0x0000040b   Thumb Code     2  startup_tm4c123.o(.text)
    TIMER5A_Handler                          0x0000040d   Thumb Code     2  startup_tm4c123.o(.text)
    TIMER5B_Handler                          0x0000040f   Thumb Code     2  startup_tm4c123.o(.text)
    WTIMER0A_Handler                         0x00000411   Thumb Code     2  startup_tm4c123.o(.text)
    WTIMER0B_Handler                         0x00000413   Thumb Code     2  startup_tm4c123.o(.text)
    WTIMER1A_Handler                         0x00000415   Thumb Code     2  startup_tm4c123.o(.text)
    WTIMER1B_Handler                         0x00000417   Thumb Code     2  startup_tm4c123.o(.text)
    WTIMER2A_Handler                         0x00000419   Thumb Code     2  startup_tm4c123.o(.text)
    WTIMER2B_Handler                         0x0000041b   Thumb Code     2  startup_tm4c123.o(.text)
    WTIMER3A_Handler                         0x0000041d   Thumb Code     2  startup_tm4c123.o(.text)
    WTIMER3B_Handler                         0x0000041f   Thumb Code     2  startup_tm4c123.o(.text)
    WTIMER4A_Handler                         0x00000421   Thumb Code     2  startup_tm4c123.o(.text)
    WTIMER4B_Handler                         0x00000423   Thumb Code     2  startup_tm4c123.o(.text)
    WTIMER5A_Handler                         0x00000425   Thumb Code     2  startup_tm4c123.o(.text)
    WTIMER5B_Handler                         0x00000427   Thumb Code     2  startup_tm4c123.o(.text)
    FPU_Handler                              0x00000429   Thumb Code     2  startup_tm4c123.o(.text)
    I2C4_Handler                             0x0000042b   Thumb Code     2  startup_tm4c123.o(.text)
    I2C5_Handler                             0x0000042d   Thumb Code     2  startup_tm4c123.o(.text)
    GPIOM_Handler                            0x0000042f   Thumb Code     2  startup_tm4c123.o(.text)
    GPION_Handler                            0x00000431   Thumb Code     2  startup_tm4c123.o(.text)
    QEI2_Handler                             0x00000433   Thumb Code     2  startup_tm4c123.o(.text)
    GPIOP0_Handler                           0x00000435   Thumb Code     2  startup_tm4c123.o(.text)
    GPIOP1_Handler                           0x00000437   Thumb Code     2  startup_tm4c123.o(.text)
    GPIOP2_Handler                           0x00000439   Thumb Code     2  startup_tm4c123.o(.text)
    GPIOP3_Handler                           0x0000043b   Thumb Code     2  startup_tm4c123.o(.text)
    GPIOP4_Handler                           0x0000043d   Thumb Code     2  startup_tm4c123.o(.text)
    GPIOP5_Handler                           0x0000043f   Thumb Code     2  startup_tm4c123.o(.text)
    GPIOP6_Handler                           0x00000441   Thumb Code     2  startup_tm4c123.o(.text)
    GPIOP7_Handler                           0x00000443   Thumb Code     2  startup_tm4c123.o(.text)
    GPIOQ0_Handler                           0x00000445   Thumb Code     2  startup_tm4c123.o(.text)
    GPIOQ1_Handler                           0x00000447   Thumb Code     2  startup_tm4c123.o(.text)
    GPIOQ2_Handler                           0x00000449   Thumb Code     2  startup_tm4c123.o(.text)
    GPIOQ3_Handler                           0x0000044b   Thumb Code     2  startup_tm4c123.o(.text)
    GPIOQ4_Handler                           0x0000044d   Thumb Code     2  startup_tm4c123.o(.text)
    GPIOQ5_Handler                           0x0000044f   Thumb Code     2  startup_tm4c123.o(.text)
    GPIOQ6_Handler                           0x00000451   Thumb Code     2  startup_tm4c123.o(.text)
    GPIOQ7_Handler                           0x00000453   Thumb Code     2  startup_tm4c123.o(.text)
    GPIOR_Handler                            0x00000455   Thumb Code     2  startup_tm4c123.o(.text)
    GPIOS_Handler                            0x00000457   Thumb Code     2  startup_tm4c123.o(.text)
    PMW1_0_Handler                           0x00000459   Thumb Code     2  startup_tm4c123.o(.text)
    PWM1_1_Handler                           0x0000045b   Thumb Code     2  startup_tm4c123.o(.text)
    PWM1_2_Handler                           0x0000045d   Thumb Code     2  startup_tm4c123.o(.text)
    PWM1_3_Handler                           0x0000045f   Thumb Code     2  startup_tm4c123.o(.text)
    PWM1_FAULT_Handler                       0x00000461   Thumb Code     2  startup_tm4c123.o(.text)
    __user_initial_stackheap                 0x00000465   Thumb Code     0  startup_tm4c123.o(.text)
    srand                                    0x00000485   Thumb Code    42  rand.o(.text)
    _rand_init                               0x000004af   Thumb Code     4  rand.o(.text)
    __use_two_region_memory                  0x000004c1   Thumb Code     2  heapauxi.o(.text)
    __rt_heap_escrow$2region                 0x000004c3   Thumb Code     2  heapauxi.o(.text)
    __rt_heap_expand$2region                 0x000004c5   Thumb Code     2  heapauxi.o(.text)
    __user_setup_stackheap                   0x000004c7   Thumb Code    74  sys_stackheap_outer.o(.text)
    exit                                     0x00000511   Thumb Code    18  exit.o(.text)
    __user_libspace                          0x00000525   Thumb Code     8  libspace.o(.text)
    __user_perproc_libspace                  0x00000525   Thumb Code     0  libspace.o(.text)
    __user_perthread_libspace                0x00000525   Thumb Code     0  libspace.o(.text)
    __I$use$semihosting                      0x0000052d   Thumb Code     0  use_no_semi.o(.text)
    __use_no_semihosting_swi                 0x0000052d   Thumb Code     2  use_no_semi.o(.text)
    __semihosting_library_function           0x0000052f   Thumb Code     0  indicate_semi.o(.text)
    _sys_exit                                0x00000531   Thumb Code     8  sys_exit.o(.text)
    Check_Collision                          0x0000053d   Thumb Code   180  game_logic.o(.text.Check_Collision)
    Draw_Game                                0x000005f1   Thumb Code   230  game_display.o(.text.Draw_Game)
    Food_Init                                0x000006d9   Thumb Code    80  game_logic.o(.text.Food_Init)
    Game_Init                                0x00000729   Thumb Code    72  game_logic.o(.text.Game_Init)
    Play_Again                               0x00000771   Thumb Code   140  game_replay.o(.text.Play_Again)
    Snake_Grow                               0x000007fd   Thumb Code    70  game_logic.o(.text.Snake_Grow)
    Snake_Move                               0x00000845   Thumb Code   154  game_logic.o(.text.Snake_Move)
    SysTick_Delay1ms                         0x000008e1   Thumb Code    76  systick_delay.o(.text.SysTick_Delay1ms)
    SysTick_Delay_Init                       0x0000092d   Thumb Code    42  systick_delay.o(.text.SysTick_Delay_Init)
    SysTick_Handler                          0x00000959   Thumb Code    70  systick_delay.o(.text.SysTick_Handler)
    SystemInit                               0x000009a1   Thumb Code   268  system_tm4c123.o(.text.SystemInit)
    UART0_Char_Available                     0x00000aad   Thumb Code    22  uart0.o(.text.UART0_Char_Available)
    UART0_Init                               0x00000ac5   Thumb Code   194  uart0.o(.text.UART0_Init)
    UART0_Input_Character                    0x00000b89   Thumb Code    36  uart0.o(.text.UART0_Input_Character)
    UART0_Output_Character                   0x00000bad   Thumb Code    46  uart0.o(.text.UART0_Output_Character)
    UART0_Output_Newline                     0x00000bdd   Thumb Code    16  uart0.o(.text.UART0_Output_Newline)
    UART0_Output_String                      0x00000bed   Thumb Code    36  uart0.o(.text.UART0_Output_String)
    UART0_Output_Unsigned_Decimal            0x00000c11   Thumb Code    72  uart0.o(.text.UART0_Output_Unsigned_Decimal)
    main                                     0x00000c59   Thumb Code   854  main.o(.text.main)
    _fp_init                                 0x00000faf   Thumb Code    26  fpinit.o(x$fpl$fpinit)
    __fplib_config_fpu_vfp                   0x00000fc7   Thumb Code     0  fpinit.o(x$fpl$fpinit)
    __fplib_config_pureend_doubles           0x00000fc7   Thumb Code     0  fpinit.o(x$fpl$fpinit)
    Region$$Table$$Base                      0x00001190   Number         0  anon$$obj.o(Region$$Table)
    Region$$Table$$Limit                     0x000011b0   Number         0  anon$$obj.o(Region$$Table)
    current_direction                        0x20000000   Data           1  game_logic.o(.data.current_direction)
    snake_length                             0x20000001   Data           1  game_logic.o(.data.snake_length)
    _random_number_data                      0x20000008   Data         228  rand.o(.bss)
    __libspace_start                         0x200000ec   Data          96  libspace.o(.bss)
    __temporary_stack_top$libspace           0x2000014c   Data           0  libspace.o(.bss)
    food                                     0x2000014c   Data           2  game_logic.o(.bss.food)
    game_score                               0x20000150   Data           4  game_logic.o(.bss.game_score)
    snake                                    0x2000015c   Data         100  game_logic.o(.bss.snake)



==============================================================================

Memory Map of the image

  Image Entry point : 0x00000371

  Load Region LR_1 (Base: 0x00000000, Size: 0x000011b4, Max: 0xffffffff, ABSOLUTE)

    Execution Region ER_RO (Exec base: 0x00000000, Load base: 0x00000000, Size: 0x000011b0, Max: 0xffffffff, ABSOLUTE)

    Exec Addr    Load Addr    Size         Type   Attr      Idx    E Section Name        Object

    0x00000000   0x00000000   0x0000026c   Data   RO          126    RESET               startup_tm4c123.o
    0x0000026c   0x0000026c   0x00000008   Code   RO          156  * !!!main             c_w.l(__main.o)
    0x00000274   0x00000274   0x0000005c   Code   RO          321    !!!scatter          c_w.l(__scatter.o)
    0x000002d0   0x000002d0   0x0000001a   Code   RO          325    !!handler_copy      c_w.l(__scatter_copy.o)
    0x000002ea   0x000002ea   0x00000002   PAD
    0x000002ec   0x000002ec   0x00000002   Code   RO          322    !!handler_null      c_w.l(__scatter.o)
    0x000002ee   0x000002ee   0x00000002   PAD
    0x000002f0   0x000002f0   0x0000001c   Code   RO          327    !!handler_zi        c_w.l(__scatter_zi.o)
    0x0000030c   0x0000030c   0x00000002   Code   RO          238    .ARM.Collect$$libinit$$00000000  c_w.l(libinit.o)
    0x0000030e   0x0000030e   0x00000004   Code   RO          159    .ARM.Collect$$libinit$$00000001  c_w.l(libinit2.o)
    0x00000312   0x00000312   0x00000000   Code   RO          162    .ARM.Collect$$libinit$$00000004  c_w.l(libinit2.o)
    0x00000312   0x00000312   0x00000000   Code   RO          164    .ARM.Collect$$libinit$$00000006  c_w.l(libinit2.o)
    0x00000312   0x00000312   0x00000000   Code   RO          167    .ARM.Collect$$libinit$$0000000C  c_w.l(libinit2.o)
    0x00000312   0x00000312   0x00000000   Code   RO          169    .ARM.Collect$$libinit$$0000000E  c_w.l(libinit2.o)
    0x00000312   0x00000312   0x00000004   Code   RO          170    .ARM.Collect$$libinit$$0000000F  c_w.l(libinit2.o)
    0x00000316   0x00000316   0x00000000   Code   RO          171    .ARM.Collect$$libinit$$00000010  c_w.l(libinit2.o)
    0x00000316   0x00000316   0x00000000   Code   RO          174    .ARM.Collect$$libinit$$00000013  c_w.l(libinit2.o)
    0x00000316   0x00000316   0x00000000   Code   RO          176    .ARM.Collect$$libinit$$00000015  c_w.l(libinit2.o)
    0x00000316   0x00000316   0x00000000   Code   RO          178    .ARM.Collect$$libinit$$00000017  c_w.l(libinit2.o)
    0x00000316   0x00000316   0x00000000   Code   RO          180    .ARM.Collect$$libinit$$00000019  c_w.l(libinit2.o)
    0x00000316   0x00000316   0x00000000   Code   RO          182    .ARM.Collect$$libinit$$0000001B  c_w.l(libinit2.o)
    0x00000316   0x00000316   0x00000000   Code   RO          184    .ARM.Collect$$libinit$$0000001D  c_w.l(libinit2.o)
    0x00000316   0x00000316   0x00000000   Code   RO          186    .ARM.Collect$$libinit$$0000001F  c_w.l(libinit2.o)
    0x00000316   0x00000316   0x00000000   Code   RO          188    .ARM.Collect$$libinit$$00000021  c_w.l(libinit2.o)
    0x00000316   0x00000316   0x00000000   Code   RO          190    .ARM.Collect$$libinit$$00000023  c_w.l(libinit2.o)
    0x00000316   0x00000316   0x00000000   Code   RO          192    .ARM.Collect$$libinit$$00000025  c_w.l(libinit2.o)
    0x00000316   0x00000316   0x00000000   Code   RO          194    .ARM.Collect$$libinit$$00000027  c_w.l(libinit2.o)
    0x00000316   0x00000316   0x00000000   Code   RO          198    .ARM.Collect$$libinit$$0000002E  c_w.l(libinit2.o)
    0x00000316   0x00000316   0x00000000   Code   RO          200    .ARM.Collect$$libinit$$00000030  c_w.l(libinit2.o)
    0x00000316   0x00000316   0x00000000   Code   RO          202    .ARM.Collect$$libinit$$00000032  c_w.l(libinit2.o)
    0x00000316   0x00000316   0x00000000   Code   RO          204    .ARM.Collect$$libinit$$00000034  c_w.l(libinit2.o)
    0x00000316   0x00000316   0x00000002   Code   RO          205    .ARM.Collect$$libinit$$00000035  c_w.l(libinit2.o)
    0x00000318   0x00000318   0x00000002   Code   RO          280    .ARM.Collect$$libshutdown$$00000000  c_w.l(libshutdown.o)
    0x0000031a   0x0000031a   0x00000000   Code   RO          288    .ARM.Collect$$libshutdown$$00000002  c_w.l(libshutdown2.o)
    0x0000031a   0x0000031a   0x00000000   Code   RO          290    .ARM.Collect$$libshutdown$$00000004  c_w.l(libshutdown2.o)
    0x0000031a   0x0000031a   0x00000000   Code   RO          293    .ARM.Collect$$libshutdown$$00000007  c_w.l(libshutdown2.o)
    0x0000031a   0x0000031a   0x00000000   Code   RO          296    .ARM.Collect$$libshutdown$$0000000A  c_w.l(libshutdown2.o)
    0x0000031a   0x0000031a   0x00000000   Code   RO          298    .ARM.Collect$$libshutdown$$0000000C  c_w.l(libshutdown2.o)
    0x0000031a   0x0000031a   0x00000000   Code   RO          301    .ARM.Collect$$libshutdown$$0000000F  c_w.l(libshutdown2.o)
    0x0000031a   0x0000031a   0x00000002   Code   RO          302    .ARM.Collect$$libshutdown$$00000010  c_w.l(libshutdown2.o)
    0x0000031c   0x0000031c   0x00000000   Code   RO          158    .ARM.Collect$$rtentry$$00000000  c_w.l(__rtentry.o)
    0x0000031c   0x0000031c   0x00000000   Code   RO          207    .ARM.Collect$$rtentry$$00000002  c_w.l(__rtentry2.o)
    0x0000031c   0x0000031c   0x00000006   Code   RO          219    .ARM.Collect$$rtentry$$00000004  c_w.l(__rtentry4.o)
    0x00000322   0x00000322   0x00000000   Code   RO          209    .ARM.Collect$$rtentry$$00000009  c_w.l(__rtentry2.o)
    0x00000322   0x00000322   0x00000004   Code   RO          210    .ARM.Collect$$rtentry$$0000000A  c_w.l(__rtentry2.o)
    0x00000326   0x00000326   0x00000000   Code   RO          212    .ARM.Collect$$rtentry$$0000000C  c_w.l(__rtentry2.o)
    0x00000326   0x00000326   0x00000008   Code   RO          213    .ARM.Collect$$rtentry$$0000000D  c_w.l(__rtentry2.o)
    0x0000032e   0x0000032e   0x00000002   Code   RO          246    .ARM.Collect$$rtexit$$00000000  c_w.l(rtexit.o)
    0x00000330   0x00000330   0x00000000   Code   RO          258    .ARM.Collect$$rtexit$$00000002  c_w.l(rtexit2.o)
    0x00000330   0x00000330   0x00000004   Code   RO          259    .ARM.Collect$$rtexit$$00000003  c_w.l(rtexit2.o)
    0x00000334   0x00000334   0x00000006   Code   RO          260    .ARM.Collect$$rtexit$$00000004  c_w.l(rtexit2.o)
    0x0000033a   0x0000033a   0x00000002   PAD
    0x0000033c   0x0000033c   0x00000034   Code   RO          149    .emb_text           c_w.l(rand.o)
    0x00000370   0x00000370   0x00000114   Code   RO          127  * .text               startup_tm4c123.o
    0x00000484   0x00000484   0x0000003c   Code   RO          150    .text               c_w.l(rand.o)
    0x000004c0   0x000004c0   0x00000006   Code   RO          154    .text               c_w.l(heapauxi.o)
    0x000004c6   0x000004c6   0x0000004a   Code   RO          225    .text               c_w.l(sys_stackheap_outer.o)
    0x00000510   0x00000510   0x00000012   Code   RO          227    .text               c_w.l(exit.o)
    0x00000522   0x00000522   0x00000002   PAD
    0x00000524   0x00000524   0x00000008   Code   RO          243    .text               c_w.l(libspace.o)
    0x0000052c   0x0000052c   0x00000002   Code   RO          254    .text               c_w.l(use_no_semi.o)
    0x0000052e   0x0000052e   0x00000000   Code   RO          256    .text               c_w.l(indicate_semi.o)
    0x0000052e   0x0000052e   0x00000002   PAD
    0x00000530   0x00000530   0x0000000c   Code   RO          270    .text               c_w.l(sys_exit.o)
    0x0000053c   0x0000053c   0x000000b4   Code   RO          102    .text.Check_Collision  game_logic.o
    0x000005f0   0x000005f0   0x000000e6   Code   RO           86    .text.Draw_Game     game_display.o
    0x000006d6   0x000006d6   0x00000002   PAD
    0x000006d8   0x000006d8   0x00000050   Code   RO           94    .text.Food_Init     game_logic.o
    0x00000728   0x00000728   0x00000048   Code   RO           96    .text.Game_Init     game_logic.o
    0x00000770   0x00000770   0x0000008c   Code   RO          116    .text.Play_Again    game_replay.o
    0x000007fc   0x000007fc   0x00000046   Code   RO          100    .text.Snake_Grow    game_logic.o
    0x00000842   0x00000842   0x00000002   PAD
    0x00000844   0x00000844   0x0000009a   Code   RO           98    .text.Snake_Move    game_logic.o
    0x000008de   0x000008de   0x00000002   PAD
    0x000008e0   0x000008e0   0x0000004c   Code   RO           43    .text.SysTick_Delay1ms  systick_delay.o
    0x0000092c   0x0000092c   0x0000002a   Code   RO           39    .text.SysTick_Delay_Init  systick_delay.o
    0x00000956   0x00000956   0x00000002   PAD
    0x00000958   0x00000958   0x00000046   Code   RO           45    .text.SysTick_Handler  systick_delay.o
    0x0000099e   0x0000099e   0x00000002   PAD
    0x000009a0   0x000009a0   0x0000010c   Code   RO          138    .text.SystemInit    system_tm4c123.o
    0x00000aac   0x00000aac   0x00000016   Code   RO           77    .text.UART0_Char_Available  uart0.o
    0x00000ac2   0x00000ac2   0x00000002   PAD
    0x00000ac4   0x00000ac4   0x000000c2   Code   RO           57    .text.UART0_Init    uart0.o
    0x00000b86   0x00000b86   0x00000002   PAD
    0x00000b88   0x00000b88   0x00000024   Code   RO           59    .text.UART0_Input_Character  uart0.o
    0x00000bac   0x00000bac   0x0000002e   Code   RO           61    .text.UART0_Output_Character  uart0.o
    0x00000bda   0x00000bda   0x00000002   PAD
    0x00000bdc   0x00000bdc   0x00000010   Code   RO           75    .text.UART0_Output_Newline  uart0.o
    0x00000bec   0x00000bec   0x00000024   Code   RO           65    .text.UART0_Output_String  uart0.o
    0x00000c10   0x00000c10   0x00000048   Code   RO           69    .text.UART0_Output_Unsigned_Decimal  uart0.o
    0x00000c58   0x00000c58   0x00000356   Code   RO            2    .text.main          main.o
    0x00000fae   0x00000fae   0x0000001a   Code   RO          223    x$fpl$fpinit        fz_wm.l(fpinit.o)
    0x00000fc8   0x00000fc8   0x00000184   Data   RO            4    .rodata.str1.1      main.o
    0x0000114c   0x0000114c   0x00000044   Data   RO          118    .rodata.str1.1      game_replay.o
    0x00001190   0x00001190   0x00000020   Data   RO          320    Region$$Table       anon$$obj.o


    Execution Region ER_RW (Exec base: 0x20000000, Load base: 0x000011b0, Size: 0x00000004, Max: 0xffffffff, ABSOLUTE)

    Exec Addr    Load Addr    Size         Type   Attr      Idx    E Section Name        Object

    0x20000000   0x000011b0   0x00000001   Data   RW          105    .data.current_direction  game_logic.o
    0x20000001   0x000011b1   0x00000001   Data   RW          104    .data.snake_length  game_logic.o


    Execution Region ER_ZI (Exec base: 0x20000008, Load base: 0x000011b4, Size: 0x000003c0, Max: 0xffffffff, ABSOLUTE)

    Exec Addr    Load Addr    Size         Type   Attr      Idx    E Section Name        Object

    0x20000008        -       0x000000e4   Zero   RW          151    .bss                c_w.l(rand.o)
    0x200000ec        -       0x00000060   Zero   RW          244    .bss                c_w.l(libspace.o)
    0x2000014c        -       0x00000002   Zero   RW          107    .bss.food           game_logic.o
    0x2000014e   0x000011b4   0x00000002   PAD
    0x20000150        -       0x00000004   Zero   RW          106    .bss.game_score     game_logic.o
    0x20000154        -       0x00000001   Zero   RW           49    .bss.ms_active      systick_delay.o
    0x20000155   0x000011b4   0x00000003   PAD
    0x20000158        -       0x00000004   Zero   RW           48    .bss.ms_elapsed     systick_delay.o
    0x2000015c        -       0x00000064   Zero   RW          108    .bss.snake          game_logic.o
    0x200001c0        -       0x00000004   Zero   RW           47    .bss.us_elapsed     systick_delay.o
    0x200001c4   0x000011b4   0x00000004   PAD
    0x200001c8        -       0x00000000   Zero   RW          125    HEAP                startup_tm4c123.o
    0x200001c8        -       0x00000200   Zero   RW          124    STACK               startup_tm4c123.o


==============================================================================

Image component sizes


      Code (inc. data)   RO Data    RW Data    ZI Data      Debug   Object Name

       230          0          0          0          0        759   game_display.o
       556          4          0          2        106       1707   game_logic.o
       140          0         68          0          0        672   game_replay.o
       854         56        388          0          0       1483   main.o
       276         24        620          0        512       5508   startup_tm4c123.o
       268          0          0          0          0       6771   system_tm4c123.o
       188          0          0          0          9       1322   systick_delay.o
       422          0          0          0          0       8159   uart0.o

    ----------------------------------------------------------------------
      2950         84       1108          4        636      26381   Object Totals
         0          0         32          0          0          0   (incl. Generated)
        16          0          0          2          9          0   (incl. Padding)

    ----------------------------------------------------------------------

      Code (inc. data)   RO Data    RW Data    ZI Data      Debug   Library Member Name

         8          0          0          0          0         68   __main.o
         0          0          0          0          0          0   __rtentry.o
        12          0          0          0          0          0   __rtentry2.o
         6          0          0          0          0          0   __rtentry4.o
        94          8          0          0          0          0   __scatter.o
        26          0          0          0          0          0   __scatter_copy.o
        28          0          0          0          0          0   __scatter_zi.o
        18          0          0          0          0         80   exit.o
         6          0          0          0          0        152   heapauxi.o
         0          0          0          0          0          0   indicate_semi.o
         2          0          0          0          0          0   libinit.o
        10          0          0          0          0          0   libinit2.o
         2          0          0          0          0          0   libshutdown.o
         2          0          0          0          0          0   libshutdown2.o
         8          4          0          0         96         68   libspace.o
       112         18          0          0        228        160   rand.o
         2          0          0          0          0          0   rtexit.o
        10          0          0          0          0          0   rtexit2.o
        12          4          0          0          0         68   sys_exit.o
        74          0          0          0          0         80   sys_stackheap_outer.o
         2          0          0          0          0         68   use_no_semi.o
        26          0          0          0          0        116   fpinit.o

    ----------------------------------------------------------------------
       470         34          0          0        324        860   Library Totals
        10          0          0          0          0          0   (incl. Padding)

    ----------------------------------------------------------------------

      Code (inc. data)   RO Data    RW Data    ZI Data      Debug   Library Name

       434         34          0          0        324        744   c_w.l
        26          0          0          0          0        116   fz_wm.l

    ----------------------------------------------------------------------
       470         34          0          0        324        860   Library Totals

    ----------------------------------------------------------------------

==============================================================================


      Code (inc. data)   RO Data    RW Data    ZI Data      Debug   

      3420        118       1108          4        960      26929   Grand Totals
      3420        118       1108          4        960      26929   ELF Image Totals
      3420        118       1108          4          0          0   ROM Totals

==============================================================================

    Total RO  Size (Code + RO Data)                 4528 (   4.42kB)
    Total RW  Size (RW Data + ZI Data)               964 (   0.94kB)
    Total ROM Size (Code + RO Data + RW Data)       4532 (   4.43kB)

==============================================================================

